%!Adobe-FontList 1.22
%Locale:0x412

%BeginFont
Handler:DirectoryHandler
FontType:Invalid
OutlineFileName:C:\work\Font\NotoSansKR-Regular.woff2
FileModTime:1653979485
%EndFont

%BeginFont
Handler:DirectoryHandler
FontType:Invalid
OutlineFileName:C:\work\Font\Noto_Sans_KR.zip
FileModTime:1653977009
%EndFont

%BeginFont
Handler:DirectoryHandler
FontType:CID
FontName:NotoSansKR-Black
FamilyName:Noto Sans KR
StyleName:Black
FullName:Noto Sans KR Black
MenuName:Noto Sans KR Black
StyleBits:0
FamilyNameNative:Noto Sans KR
StyleNameNative:Black
FullNameNative:Noto Sans KR Black
WritingScript:Korean
OutlineFileName:C:\work\Font\Noto_Sans_KR\NotoSansKR-Black.otf
DataFormat:sfntData
isCFF:yes
hasSVG:no
VariableFontType:NonVariableFont
FileLength:5068164
FileModTime:1517756400
WeightClass:900
WidthClass:5
AngleClass:0
NameArray:0,Win,1,Noto Sans KR Black
NameArray:0,Win,16,Noto Sans KR
%EndFont

%BeginFont
Handler:DirectoryHandler
FontType:CID
FontName:NotoSansKR-Bold
FamilyName:Noto Sans KR
StyleName:Bold
FullName:Noto Sans KR Bold
MenuName:Noto Sans KR
StyleBits:2
FamilyNameNative:Noto Sans KR
StyleNameNative:Bold
FullNameNative:Noto Sans KR Bold
WritingScript:Korean
OutlineFileName:C:\work\Font\Noto_Sans_KR\NotoSansKR-Bold.otf
DataFormat:sfntData
isCFF:yes
hasSVG:no
VariableFontType:NonVariableFont
FileLength:4909668
FileModTime:1517756400
WeightClass:700
WidthClass:5
AngleClass:0
NameArray:0,Win,1,Noto Sans KR
%EndFont

%BeginFont
Handler:DirectoryHandler
FontType:CID
FontName:NotoSansKR-Light
FamilyName:Noto Sans KR
StyleName:Light
FullName:Noto Sans KR Light
MenuName:Noto Sans KR Light
StyleBits:0
FamilyNameNative:Noto Sans KR
StyleNameNative:Light
FullNameNative:Noto Sans KR Light
WritingScript:Korean
OutlineFileName:C:\work\Font\Noto_Sans_KR\NotoSansKR-Light.otf
DataFormat:sfntData
isCFF:yes
hasSVG:no
VariableFontType:NonVariableFont
FileLength:4713928
FileModTime:1517756400
WeightClass:300
WidthClass:5
AngleClass:0
NameArray:0,Win,1,Noto Sans KR Light
NameArray:0,Win,16,Noto Sans KR
%EndFont

%BeginFont
Handler:DirectoryHandler
FontType:CID
FontName:NotoSansKR-Medium
FamilyName:Noto Sans KR
StyleName:Medium
FullName:Noto Sans KR Medium
MenuName:Noto Sans KR Medium
StyleBits:0
FamilyNameNative:Noto Sans KR
StyleNameNative:Medium
FullNameNative:Noto Sans KR Medium
WritingScript:Korean
OutlineFileName:C:\work\Font\Noto_Sans_KR\NotoSansKR-Medium.otf
DataFormat:sfntData
isCFF:yes
hasSVG:no
VariableFontType:NonVariableFont
FileLength:4768768
FileModTime:1517756400
WeightClass:500
WidthClass:5
AngleClass:0
NameArray:0,Win,1,Noto Sans KR Medium
NameArray:0,Win,16,Noto Sans KR
%EndFont

%BeginFont
Handler:DirectoryHandler
FontType:CID
FontName:NotoSansKR-Regular
FamilyName:Noto Sans KR
StyleName:Regular
FullName:Noto Sans KR
MenuName:Noto Sans KR
StyleBits:0
FamilyNameNative:Noto Sans KR
StyleNameNative:Regular
FullNameNative:Noto Sans KR Regular
WritingScript:Korean
OutlineFileName:C:\work\Font\Noto_Sans_KR\NotoSansKR-Regular.otf
DataFormat:sfntData
isCFF:yes
hasSVG:no
VariableFontType:NonVariableFont
FileLength:4744692
FileModTime:1517756400
WeightClass:400
WidthClass:5
AngleClass:0
NameArray:0,Win,1,Noto Sans KR
%EndFont

%BeginFont
Handler:DirectoryHandler
FontType:CID
FontName:NotoSansKR-Thin
FamilyName:Noto Sans KR
StyleName:Thin
FullName:Noto Sans KR Thin
MenuName:Noto Sans KR Thin
StyleBits:0
FamilyNameNative:Noto Sans KR
StyleNameNative:Thin
FullNameNative:Noto Sans KR Thin
WritingScript:Korean
OutlineFileName:C:\work\Font\Noto_Sans_KR\NotoSansKR-Thin.otf
DataFormat:sfntData
isCFF:yes
hasSVG:no
VariableFontType:NonVariableFont
FileLength:4383676
FileModTime:1517756400
WeightClass:250
WidthClass:5
AngleClass:0
NameArray:0,Win,1,Noto Sans KR Thin
NameArray:0,Win,16,Noto Sans KR
%EndFont

%BeginFont
Handler:DirectoryHandler
FontType:Invalid
OutlineFileName:C:\work\Font\Noto_Sans_KR\OFL.txt
FileModTime:1517756400
%EndFont

%BeginFont
Handler:DirectoryHandler
FontType:Invalid
OutlineFileName:C:\work\Font\fontsubset.txt
FileModTime:1653980622
%EndFont

%BeginFont
Handler:DirectoryHandler
FontType:Invalid
OutlineFileName:C:\work\Font\korean_subset_glyphs.txt
FileModTime:1658888492
%EndFont

%BeginFont
Handler:DirectoryHandler
FontType:Invalid
OutlineFileName:C:\work\Font\korean_subset_glyphs\KS X 1001.txt
FileModTime:1658888492
%EndFont

%BeginFont
Handler:DirectoryHandler
FontType:Invalid
OutlineFileName:C:\work\Font\korean_subset_glyphs\NotoSansKR-Black-KS_X_1001.woff2
FileModTime:1658888508
%EndFont

%BeginFont
Handler:DirectoryHandler
FontType:Invalid
OutlineFileName:C:\work\Font\korean_subset_glyphs\NotoSansKR-Bold-KS_X_1001.woff2
FileModTime:1658888511
%EndFont

%BeginFont
Handler:DirectoryHandler
FontType:Invalid
OutlineFileName:C:\work\Font\korean_subset_glyphs\NotoSansKR-Light-KS_X_1001.woff2
FileModTime:1658888514
%EndFont

%BeginFont
Handler:DirectoryHandler
FontType:Invalid
OutlineFileName:C:\work\Font\korean_subset_glyphs\NotoSansKR-Medium-KS_X_1001.woff2
FileModTime:1658888518
%EndFont

%BeginFont
Handler:DirectoryHandler
FontType:Invalid
OutlineFileName:C:\work\Font\korean_subset_glyphs\NotoSansKR-Regular-KS_X_1001.woff2
FileModTime:1658888521
%EndFont

%BeginFont
Handler:DirectoryHandler
FontType:Invalid
OutlineFileName:C:\work\Font\korean_subset_glyphs\NotoSansKR-Thin-KS_X_1001.woff2
FileModTime:1658888524
%EndFont

%BeginFont
Handler:DirectoryHandler
FontType:Invalid
OutlineFileName:C:\work\Font\korean_subset_glyphs\notosans_KS_X_1001.scss
FileModTime:1658888793
%EndFont

%BeginFont
Handler:DirectoryHandler
FontType:Invalid
OutlineFileName:C:\work\Font\node_modules\.yarn-integrity
FileModTime:1653979012
%EndFont

%BeginFont
Handler:DirectoryHandler
FontType:Invalid
OutlineFileName:C:\work\Font\node_modules\bindings\LICENSE.md
FileModTime:1641801498
%EndFont

%BeginFont
Handler:DirectoryHandler
FontType:Invalid
OutlineFileName:C:\work\Font\node_modules\bindings\README.md
FileModTime:1641801498
%EndFont

%BeginFont
Handler:DirectoryHandler
FontType:Invalid
OutlineFileName:C:\work\Font\node_modules\bindings\bindings.js
FileModTime:1641801498
%EndFont

%BeginFont
Handler:DirectoryHandler
FontType:Invalid
OutlineFileName:C:\work\Font\node_modules\bindings\package.json
FileModTime:1641801498
%EndFont

%BeginFont
Handler:DirectoryHandler
FontType:Invalid
OutlineFileName:C:\work\Font\node_modules\file-uri-to-path\.npmignore
FileModTime:1641801499
%EndFont

%BeginFont
Handler:DirectoryHandler
FontType:Invalid
OutlineFileName:C:\work\Font\node_modules\file-uri-to-path\.travis.yml
FileModTime:1641801499
%EndFont

%BeginFont
Handler:DirectoryHandler
FontType:Invalid
OutlineFileName:C:\work\Font\node_modules\file-uri-to-path\History.md
FileModTime:1641801499
%EndFont

%BeginFont
Handler:DirectoryHandler
FontType:Invalid
OutlineFileName:C:\work\Font\node_modules\file-uri-to-path\LICENSE
FileModTime:1641801499
%EndFont

%BeginFont
Handler:DirectoryHandler
FontType:Invalid
OutlineFileName:C:\work\Font\node_modules\file-uri-to-path\README.md
FileModTime:1641801499
%EndFont

%BeginFont
Handler:DirectoryHandler
FontType:Invalid
OutlineFileName:C:\work\Font\node_modules\file-uri-to-path\index.d.ts
FileModTime:1641801499
%EndFont

%BeginFont
Handler:DirectoryHandler
FontType:Invalid
OutlineFileName:C:\work\Font\node_modules\file-uri-to-path\index.js
FileModTime:1641801499
%EndFont

%BeginFont
Handler:DirectoryHandler
FontType:Invalid
OutlineFileName:C:\work\Font\node_modules\file-uri-to-path\package.json
FileModTime:1641801499
%EndFont

%BeginFont
Handler:DirectoryHandler
FontType:Invalid
OutlineFileName:C:\work\Font\node_modules\nan\CHANGELOG.md
FileModTime:1653978990
%EndFont

%BeginFont
Handler:DirectoryHandler
FontType:Invalid
OutlineFileName:C:\work\Font\node_modules\nan\LICENSE.md
FileModTime:1653978990
%EndFont

%BeginFont
Handler:DirectoryHandler
FontType:Invalid
OutlineFileName:C:\work\Font\node_modules\nan\README.md
FileModTime:1653978990
%EndFont

%BeginFont
Handler:DirectoryHandler
FontType:Invalid
OutlineFileName:C:\work\Font\node_modules\nan\include_dirs.js
FileModTime:1653978990
%EndFont

%BeginFont
Handler:DirectoryHandler
FontType:Invalid
OutlineFileName:C:\work\Font\node_modules\nan\nan.h
FileModTime:1653978990
%EndFont

%BeginFont
Handler:DirectoryHandler
FontType:Invalid
OutlineFileName:C:\work\Font\node_modules\nan\nan_callbacks.h
FileModTime:1653978990
%EndFont

%BeginFont
Handler:DirectoryHandler
FontType:Invalid
OutlineFileName:C:\work\Font\node_modules\nan\nan_callbacks_12_inl.h
FileModTime:1653978990
%EndFont

%BeginFont
Handler:DirectoryHandler
FontType:Invalid
OutlineFileName:C:\work\Font\node_modules\nan\nan_callbacks_pre_12_inl.h
FileModTime:1653978990
%EndFont

%BeginFont
Handler:DirectoryHandler
FontType:Invalid
OutlineFileName:C:\work\Font\node_modules\nan\nan_converters.h
FileModTime:1653978990
%EndFont

%BeginFont
Handler:DirectoryHandler
FontType:Invalid
OutlineFileName:C:\work\Font\node_modules\nan\nan_converters_43_inl.h
FileModTime:1653978990
%EndFont

%BeginFont
Handler:DirectoryHandler
FontType:Invalid
OutlineFileName:C:\work\Font\node_modules\nan\nan_converters_pre_43_inl.h
FileModTime:1653978990
%EndFont

%BeginFont
Handler:DirectoryHandler
FontType:Invalid
OutlineFileName:C:\work\Font\node_modules\nan\nan_define_own_property_helper.h
FileModTime:1653978990
%EndFont

%BeginFont
Handler:DirectoryHandler
FontType:Invalid
OutlineFileName:C:\work\Font\node_modules\nan\nan_implementation_12_inl.h
FileModTime:1653978990
%EndFont

%BeginFont
Handler:DirectoryHandler
FontType:Invalid
OutlineFileName:C:\work\Font\node_modules\nan\nan_implementation_pre_12_inl.h
FileModTime:1653978990
%EndFont

%BeginFont
Handler:DirectoryHandler
FontType:Invalid
OutlineFileName:C:\work\Font\node_modules\nan\nan_json.h
FileModTime:1653978990
%EndFont

%BeginFont
Handler:DirectoryHandler
FontType:Invalid
OutlineFileName:C:\work\Font\node_modules\nan\nan_maybe_43_inl.h
FileModTime:1653978990
%EndFont

%BeginFont
Handler:DirectoryHandler
FontType:Invalid
OutlineFileName:C:\work\Font\node_modules\nan\nan_maybe_pre_43_inl.h
FileModTime:1653978990
%EndFont

%BeginFont
Handler:DirectoryHandler
FontType:Invalid
OutlineFileName:C:\work\Font\node_modules\nan\nan_new.h
FileModTime:1653978990
%EndFont

%BeginFont
Handler:DirectoryHandler
FontType:Invalid
OutlineFileName:C:\work\Font\node_modules\nan\nan_object_wrap.h
FileModTime:1653978990
%EndFont

%BeginFont
Handler:DirectoryHandler
FontType:Invalid
OutlineFileName:C:\work\Font\node_modules\nan\nan_persistent_12_inl.h
FileModTime:1653978990
%EndFont

%BeginFont
Handler:DirectoryHandler
FontType:Invalid
OutlineFileName:C:\work\Font\node_modules\nan\nan_persistent_pre_12_inl.h
FileModTime:1653978990
%EndFont

%BeginFont
Handler:DirectoryHandler
FontType:Invalid
OutlineFileName:C:\work\Font\node_modules\nan\nan_private.h
FileModTime:1653978990
%EndFont

%BeginFont
Handler:DirectoryHandler
FontType:Invalid
OutlineFileName:C:\work\Font\node_modules\nan\nan_scriptorigin.h
FileModTime:1653978990
%EndFont

%BeginFont
Handler:DirectoryHandler
FontType:Invalid
OutlineFileName:C:\work\Font\node_modules\nan\nan_string_bytes.h
FileModTime:1653978990
%EndFont

%BeginFont
Handler:DirectoryHandler
FontType:Invalid
OutlineFileName:C:\work\Font\node_modules\nan\nan_typedarray_contents.h
FileModTime:1653978990
%EndFont

%BeginFont
Handler:DirectoryHandler
FontType:Invalid
OutlineFileName:C:\work\Font\node_modules\nan\nan_weak.h
FileModTime:1653978990
%EndFont

%BeginFont
Handler:DirectoryHandler
FontType:Invalid
OutlineFileName:C:\work\Font\node_modules\nan\package.json
FileModTime:1653978990
%EndFont

%BeginFont
Handler:DirectoryHandler
FontType:Invalid
OutlineFileName:C:\work\Font\node_modules\woff2\README.md
FileModTime:1653978990
%EndFont

%BeginFont
Handler:DirectoryHandler
FontType:Invalid
OutlineFileName:C:\work\Font\node_modules\woff2\binding.gyp
FileModTime:1653978990
%EndFont

%BeginFont
Handler:DirectoryHandler
FontType:Invalid
OutlineFileName:C:\work\Font\node_modules\woff2\package.json
FileModTime:1653978990
%EndFont

%BeginFont
Handler:DirectoryHandler
FontType:Invalid
OutlineFileName:C:\work\Font\notosans-2350.zip
FileModTime:1653985018
%EndFont

%BeginFont
Handler:DirectoryHandler
FontType:Invalid
OutlineFileName:C:\work\Font\notosans-2350\NotoSansKR-Black-2350.woff
FileModTime:1653982223
%EndFont

%BeginFont
Handler:DirectoryHandler
FontType:Invalid
OutlineFileName:C:\work\Font\notosans-2350\NotoSansKR-Black-2350.woff2
FileModTime:1653982261
%EndFont

%BeginFont
Handler:DirectoryHandler
FontType:Invalid
OutlineFileName:C:\work\Font\notosans-2350\NotoSansKR-Bold-2350.woff
FileModTime:1653982227
%EndFont

%BeginFont
Handler:DirectoryHandler
FontType:Invalid
OutlineFileName:C:\work\Font\notosans-2350\NotoSansKR-Bold-2350.woff2
FileModTime:1653982264
%EndFont

%BeginFont
Handler:DirectoryHandler
FontType:Invalid
OutlineFileName:C:\work\Font\notosans-2350\NotoSansKR-Light-2350.woff
FileModTime:1653982231
%EndFont

%BeginFont
Handler:DirectoryHandler
FontType:Invalid
OutlineFileName:C:\work\Font\notosans-2350\NotoSansKR-Light-2350.woff2
FileModTime:1653982266
%EndFont

%BeginFont
Handler:DirectoryHandler
FontType:Invalid
OutlineFileName:C:\work\Font\notosans-2350\NotoSansKR-Medium-2350.woff
FileModTime:1653982235
%EndFont

%BeginFont
Handler:DirectoryHandler
FontType:Invalid
OutlineFileName:C:\work\Font\notosans-2350\NotoSansKR-Medium-2350.woff2
FileModTime:1653982268
%EndFont

%BeginFont
Handler:DirectoryHandler
FontType:Invalid
OutlineFileName:C:\work\Font\notosans-2350\NotoSansKR-Regular-2350.woff
FileModTime:1653982239
%EndFont

%BeginFont
Handler:DirectoryHandler
FontType:Invalid
OutlineFileName:C:\work\Font\notosans-2350\NotoSansKR-Regular-2350.woff2
FileModTime:1653982271
%EndFont

%BeginFont
Handler:DirectoryHandler
FontType:Invalid
OutlineFileName:C:\work\Font\notosans-2350\NotoSansKR-Thin-2350.woff
FileModTime:1653982243
%EndFont

%BeginFont
Handler:DirectoryHandler
FontType:Invalid
OutlineFileName:C:\work\Font\notosans-2350\NotoSansKR-Thin-2350.woff2
FileModTime:1653982273
%EndFont

%BeginFont
Handler:DirectoryHandler
FontType:Invalid
OutlineFileName:C:\work\Font\notosans-2350\notosans2350.scss
FileModTime:1653985003
%EndFont

%BeginFont
Handler:DirectoryHandler
FontType:Invalid
OutlineFileName:C:\work\Font\notosans\NotoSansKR-Black.woff
FileModTime:1653979787
%EndFont

%BeginFont
Handler:DirectoryHandler
FontType:Invalid
OutlineFileName:C:\work\Font\notosans\NotoSansKR-Black.woff2
FileModTime:1653979951
%EndFont

%BeginFont
Handler:DirectoryHandler
FontType:Invalid
OutlineFileName:C:\work\Font\notosans\NotoSansKR-Bold.woff
FileModTime:1653979788
%EndFont

%BeginFont
Handler:DirectoryHandler
FontType:Invalid
OutlineFileName:C:\work\Font\notosans\NotoSansKR-Bold.woff2
FileModTime:1653979951
%EndFont

%BeginFont
Handler:DirectoryHandler
FontType:Invalid
OutlineFileName:C:\work\Font\notosans\NotoSansKR-Light.woff
FileModTime:1653979789
%EndFont

%BeginFont
Handler:DirectoryHandler
FontType:Invalid
OutlineFileName:C:\work\Font\notosans\NotoSansKR-Light.woff2
FileModTime:1653979949
%EndFont

%BeginFont
Handler:DirectoryHandler
FontType:Invalid
OutlineFileName:C:\work\Font\notosans\NotoSansKR-Medium.woff
FileModTime:1653979790
%EndFont

%BeginFont
Handler:DirectoryHandler
FontType:Invalid
OutlineFileName:C:\work\Font\notosans\NotoSansKR-Medium.woff2
FileModTime:1653979949
%EndFont

%BeginFont
Handler:DirectoryHandler
FontType:Invalid
OutlineFileName:C:\work\Font\notosans\NotoSansKR-Regular.woff
FileModTime:1653979791
%EndFont

%BeginFont
Handler:DirectoryHandler
FontType:Invalid
OutlineFileName:C:\work\Font\notosans\NotoSansKR-Regular.woff2
FileModTime:1653979948
%EndFont

%BeginFont
Handler:DirectoryHandler
FontType:Invalid
OutlineFileName:C:\work\Font\notosans\NotoSansKR-Thin.woff
FileModTime:1653979791
%EndFont

%BeginFont
Handler:DirectoryHandler
FontType:Invalid
OutlineFileName:C:\work\Font\notosans\NotoSansKR-Thin.woff2
FileModTime:1653979947
%EndFont

%BeginFont
Handler:DirectoryHandler
FontType:Invalid
OutlineFileName:C:\work\Font\package.json
FileModTime:1653979012
%EndFont

%BeginFont
Handler:DirectoryHandler
FontType:Invalid
OutlineFileName:C:\work\Font\test.bat
FileModTime:1653982050
%EndFont

%BeginFont
Handler:DirectoryHandler
FontType:Invalid
OutlineFileName:C:\work\Font\woff2-korean_subset_glyphs.bat
FileModTime:1658888424
%EndFont

%BeginFont
Handler:DirectoryHandler
FontType:Invalid
OutlineFileName:C:\work\Font\woff2.bat
FileModTime:1658888397
%EndFont

%BeginFont
Handler:DirectoryHandler
FontType:Invalid
OutlineFileName:C:\work\Font\woff2.js
FileModTime:1653979468
%EndFont

%BeginFont
Handler:DirectoryHandler
FontType:Invalid
OutlineFileName:C:\work\Font\yarn.lock
FileModTime:1653979012
%EndFont

%BeginFont
Handler:DirectoryHandler
FontType:Invalid
OutlineFileName:C:\work\Font\커스텀폰트.md
FileModTime:1653982105
%EndFont

